bash: ./build_apk.sh: No such file or directory
